
uzma@LAPTOP-RV81UL4O MINGW64 ~/Desktop/git/Assignments (master|MERGING)
$ git status
On branch master
All conflicts fixed but you are still merging.
  (use "git commit" to conclude merge)

Changes to be committed:
        new file:   allCommandsOfgitbranchingassignments.txt
        new file:   style.css


uzma@LAPTOP-RV81UL4O MINGW64 ~/Desktop/git/Assignments (master|MERGING)
$ git commit -m 'merge'
[master c3d94a7] merge

uzma@LAPTOP-RV81UL4O MINGW64 ~/Desktop/git/Assignments (master)
$ git checkout -b js-assignments
Switched to a new branch 'js-assignments'

uzma@LAPTOP-RV81UL4O MINGW64 ~/Desktop/git/Assignments (js-assignments)
$ git status
On branch js-assignments
Untracked files:
  (use "git add <file>..." to include in what will be committed)
        jsassignments.js

nothing added to commit but untracked files present (use "git add" to track)

uzma@LAPTOP-RV81UL4O MINGW64 ~/Desktop/git/Assignments (js-assignments)
$ git add .

uzma@LAPTOP-RV81UL4O MINGW64 ~/Desktop/git/Assignments (js-assignments)
$ git commit -m 'js-assignments commited in js-assignments branch'
[js-assignments 24964e6] js-assignments commited in js-assignments branch
 1 file changed, 0 insertions(+), 0 deletions(-)
 create mode 100644 jsassignments.js

uzma@LAPTOP-RV81UL4O MINGW64 ~/Desktop/git/Assignments (js-assignments)
$ git push
fatal: The current branch js-assignments has no upstream branch.
To push the current branch and set the remote as upstream, use

    git push --set-upstream origin js-assignments


uzma@LAPTOP-RV81UL4O MINGW64 ~/Desktop/git/Assignments (js-assignments)
$ git status
On branch js-assignments
Changes not staged for commit:
  (use "git add <file>..." to update what will be committed)
  (use "git restore <file>..." to discard changes in working directory)
        modified:   README.txt

no changes added to commit (use "git add" and/or "git commit -a")

uzma@LAPTOP-RV81UL4O MINGW64 ~/Desktop/git/Assignments (js-assignments)
$ git commit -m 'readme commited in js-assignments branch'
On branch js-assignments
Changes not staged for commit:
  (use "git add <file>..." to update what will be committed)
  (use "git restore <file>..." to discard changes in working directory)
        modified:   README.txt

no changes added to commit (use "git add" and/or "git commit -a")

uzma@LAPTOP-RV81UL4O MINGW64 ~/Desktop/git/Assignments (js-assignments)
$ git add .

uzma@LAPTOP-RV81UL4O MINGW64 ~/Desktop/git/Assignments (js-assignments)
$ git commit -m 'readme commited'
[js-assignments d2bfa25] readme commited
 1 file changed, 1 insertion(+)

uzma@LAPTOP-RV81UL4O MINGW64 ~/Desktop/git/Assignments (js-assignments)
$ git status
On branch js-assignments
nothing to commit, working tree clean

uzma@LAPTOP-RV81UL4O MINGW64 ~/Desktop/git/Assignments (js-assignments)
$ git checkout master
Switched to branch 'master'

uzma@LAPTOP-RV81UL4O MINGW64 ~/Desktop/git/Assignments (master)
$ git push
fatal: The current branch master has no upstream branch.
To push the current branch and set the remote as upstream, use

    git push --set-upstream origin master


uzma@LAPTOP-RV81UL4O MINGW64 ~/Desktop/git/Assignments (master)
$ git push --set-upstream origin master
Enumerating objects: 12, done.
Counting objects: 100% (11/11), done.
Delta compression using up to 12 threads
Compressing objects: 100% (7/7), done.
Writing objects: 100% (8/8), 934 bytes | 934.00 KiB/s, done.
Total 8 (delta 3), reused 0 (delta 0), pack-reused 0
remote: Resolving deltas: 100% (3/3), completed with 1 local object.
remote:
remote: Create a pull request for 'master' on GitHub by visiting:
remote:      https://github.com/frikyalii/Assignments/pull/new/master
remote:
To https://github.com/frikyalii/Assignments.git
 * [new branch]      master -> master
Branch 'master' set up to track remote branch 'master' from 'origin'.

uzma@LAPTOP-RV81UL4O MINGW64 ~/Desktop/git/Assignments (master)
$
